[dotenv@17.2.3] injecting env (10) from .env -- tip: Γ£à audit secrets and track compliance: https://dotenvx.com/ops
[dotenv@17.2.3] injecting env (0) from .env -- tip: ΓÜÖ∩╕Å  override existing env vars with { override: true }
Testing AI Clients...
GEMINI_API_KEY exists: true
GROQ_API_KEY exists: true

--- Testing callSkillAI (Resume Analysis Simulator) ---
[AI-CLIENT] Using Gemini (gemini-1.5-flash)
node : [AI-CLIENT] Gemini 
Error: [GoogleGenerativeAI 
Error]: Error fetching from h
ttps://generativelanguage.goo
gleapis.com/v1beta/models/gem
ini-1.5-flash:generateContent
: [404 Not Found] 
models/gemini-1.5-flash is 
not found for API version 
v1beta, or is not supported 
for generateContent. Call 
ListModels to see the list 
of available models and 
their supported methods.
At line:1 char:1
+ node test-ai.js > 
test-output.txt 2>&1
+ ~~~~~~~~~~~~~~~~~~~~~~~~~~~
~~~~~~~~~~~
    + CategoryInfo           
   : NotSpecified: ([AI-CLI  
  ENT] Gem...ported method   
 s.:String) [], RemoteExc    
eption
    + FullyQualifiedErrorId  
   : NativeCommandError
 
[SKILL-ASSESSMENT] Using Fallback Provider: Groq (llama-3.3-70b)
Response: {
  "greeting": "hello"
}

--- Testing callInterviewAI ---
[AI-CLIENT] Using Gemini (gemini-1.5-flash)
[AI-CLIENT] Gemini Error: 
[GoogleGenerativeAI Error]: 
Error fetching from https://g
enerativelanguage.googleapis.
com/v1beta/models/gemini-1.5-
flash:generateContent: [404 
Not Found] 
models/gemini-1.5-flash is 
not found for API version 
v1beta, or is not supported 
for generateContent. Call 
ListModels to see the list 
of available models and 
their supported methods.
[AI-INTERVIEW] Using Tertiary Provider: OpenAI (gpt-4o-mini)
[AI-INTERVIEW] Using Quaternary Provider: Groq (llama-3.3-70b)
[AI-CLIENT] OpenAI failed, 
falling back to Groq: 429 
You exceeded your current 
quota, please check your 
plan and billing details. 
For more information on this 
error, read the docs: https:/
/platform.openai.com/docs/gui
des/error-codes/api-errors.
Response: Hello! It's nice to meet you. Is there something I can help you with or would you like to chat?
